DEBUG:root:launching server
DEBUG:root:server started
DEBUG:root:killing server
DEBUG:root:server logs:
using addr=127.0.0.1 port=2010
creating server
listening on 127.0.0.1:2010
running ...
accepted connection, peer_fd=5
accepted connection, peer_fd=6

DEBUG:root:launching server
DEBUG:root:server started
DEBUG:root:killing server
DEBUG:root:server logs:
using addr=127.0.0.1 port=2010
creating server
listening on 127.0.0.1:2010
running ...
accepted connection, peer_fd=5
accepted connection, peer_fd=6

DEBUG:root:launching server
DEBUG:root:server started
DEBUG:root:killing server
DEBUG:root:server logs:
using addr=127.0.0.1 port=2010
creating server
listening on 127.0.0.1:2010
running ...
accepted connection, peer_fd=5
accepted connection, peer_fd=6

DEBUG:root:launching server
DEBUG:root:server started
DEBUG:root:killing server
DEBUG:root:server logs:
using addr=127.0.0.1 port=2010
creating server
listening on 127.0.0.1:2010
running ...
accepted connection, peer_fd=5
accepted connection, peer_fd=6

DEBUG:root:launching server
DEBUG:root:server started
DEBUG:root:killing server
DEBUG:root:server logs:
using addr=127.0.0.1 port=2010
creating server
listening on 127.0.0.1:2010
running ...
accepted connection, peer_fd=5
accepted connection, peer_fd=6

DEBUG:root:launching server
DEBUG:root:server started
DEBUG:root:killing server
DEBUG:root:server logs:
using addr=127.0.0.1 port=2010
creating server
listening on 127.0.0.1:2010
running ...
accepted connection, peer_fd=5
accepted connection, peer_fd=6

DEBUG:root:launching server
DEBUG:root:server started
DEBUG:root:killing server
DEBUG:root:server logs:
using addr=127.0.0.1 port=2010
creating server
listening on 127.0.0.1:2010
running ...
accepted connection, peer_fd=5
accepted connection, peer_fd=6

DEBUG:root:launching server
DEBUG:root:server started
DEBUG:root:killing server
DEBUG:root:server logs:
using addr=127.0.0.1 port=2010
creating server
listening on 127.0.0.1:2010
running ...
accepted connection, peer_fd=5
accepted connection, peer_fd=6

DEBUG:root:launching server
DEBUG:root:server started
DEBUG:root:killing server
DEBUG:root:server logs:
using addr=127.0.0.1 port=2010
creating server
listening on 127.0.0.1:2010
running ...
accepted connection, peer_fd=5
accepted connection, peer_fd=6
accepted connection, peer_fd=7
accepted connection, peer_fd=8
accepted connection, peer_fd=9
accepted connection, peer_fd=10
accepted connection, peer_fd=11
accepted connection, peer_fd=12
accepted connection, peer_fd=13
accepted connection, peer_fd=14
accepted connection, peer_fd=15
accepted connection, peer_fd=16

DEBUG:root:launching server
DEBUG:root:server started
DEBUG:root:killing server
DEBUG:root:server logs:
using addr=127.0.0.1 port=2010
creating server
listening on 127.0.0.1:2010
running ...
accepted connection, peer_fd=5
accepted connection, peer_fd=6
accepted connection, peer_fd=7
accepted connection, peer_fd=8
accepted connection, peer_fd=9
accepted connection, peer_fd=10
accepted connection, peer_fd=11
accepted connection, peer_fd=12
accepted connection, peer_fd=13
accepted connection, peer_fd=14

DEBUG:root:launching server
DEBUG:root:server started
DEBUG:root:killing server
DEBUG:root:server logs:
using addr=127.0.0.1 port=2010
creating server
listening on 127.0.0.1:2010
running ...
accepted connection, peer_fd=5
accepted connection, peer_fd=6

DEBUG:root:launching server
DEBUG:root:server started
DEBUG:root:killing server
DEBUG:root:server logs:
using addr=127.0.0.1 port=2010
creating server
listening on 127.0.0.1:2010
running ...
accepted connection, peer_fd=5
accepted connection, peer_fd=6

DEBUG:root:launching server
DEBUG:root:server started
DEBUG:root:killing server
DEBUG:root:server logs:
using addr=127.0.0.1 port=2010
creating server
listening on 127.0.0.1:2010
running ...
accepted connection, peer_fd=5
accepted connection, peer_fd=6
accepted connection, peer_fd=7

DEBUG:root:launching server
DEBUG:root:server started
DEBUG:root:killing server
DEBUG:root:server logs:
using addr=127.0.0.1 port=2010
creating server
listening on 127.0.0.1:2010
running ...
accepted connection, peer_fd=5
accepted connection, peer_fd=6

DEBUG:root:launching server
DEBUG:root:server started
DEBUG:root:killing server
DEBUG:root:server logs:
using addr=127.0.0.1 port=2010
creating server
listening on 127.0.0.1:2010
running ...
accepted connection, peer_fd=5
accepted connection, peer_fd=6
accepted connection, peer_fd=7
accepted connection, peer_fd=8

